============================= test session starts =============================
platform win32 -- Python 3.11.9, pytest-9.0.2, pluggy-1.6.0 -- D:\University of Stuttgart\Distributed Systems 1\distrubuted_systems_cafe\.venv\Scripts\python.exe
cachedir: .pytest_cache
rootdir: D:\University of Stuttgart\Distributed Systems 1\distrubuted_systems_cafe
configfile: pyproject.toml
collecting ... collected 1 item

tests/test_integration.py::test_distributed_cafe [CafeDS] [id=10 role=leader udp_node=37110] Checking if node ID 10 is available on the network...
[CafeDS] [id=2 role=follower udp_node=37102] Checking if node ID 2 is available on the network...
[CafeDS] [id=3 role=follower udp_node=37103] Checking if node ID 3 is available on the network...
[CafeDS] [id=3 role=follower udp_node=37103] Node ID 3 is available. Proceeding.
[CafeDS] [id=3 role=follower udp_node=37103] UDP node listener started.
[CafeDS] [id=3 role=follower udp_node=37103] Peer discovered: id=2 ip=192.168.0.240 udp=37102 tcp=8002
[CafeDS] [id=3 role=follower udp_node=37103] Peer discovered: id=1 ip=192.168.0.148 udp=37101 tcp=8002
[CafeDS] [id=3 role=follower udp_node=37103] Node is running.
[CafeDS] [id=10 role=leader udp_node=37110] Node ID 10 is available. Proceeding.
[CafeDS] [id=3 role=follower udp_node=37103] Peer discovered: id=10 ip=192.168.0.146 udp=37110 tcp=8010
[CafeDS] [id=10 role=leader udp_node=37110] Checking for existing leader...
[CafeDS] [id=2 role=follower udp_node=37102] Node ID 2 is available. Proceeding.
[CafeDS] [id=2 role=follower udp_node=37102] UDP node listener started.
[CafeDS] [id=2 role=follower udp_node=37102] Node is running.
[CafeDS] [id=3 role=follower udp_node=37103] TCP connected to leader 192.168.0.240:8002
[CafeDS] [id=10 role=leader udp_node=37110] DEBUG: I_AM_LEADER received from 2 @ 192.168.0.240 (claim ip=192.168.0.240). I am 10.
[CafeDS] [id=10 role=leader udp_node=37110] Found existing leader: 2 @ 192.168.0.240
[CafeDS] [id=2 role=follower udp_node=37102] Leader discovered: 2 @ 192.168.0.240:8002 (epoch=3)
[CafeDS] [id=3 role=follower udp_node=37103] DELIVER seq=1 [from=3] | hello berke
[CafeDS] [id=3 role=follower udp_node=37103] DELIVER seq=2 [from=2] | junihci
[CafeDS] [id=3 role=follower udp_node=37103] DELIVER seq=3 [from=2] | hi
[CafeDS] [id=3 role=follower udp_node=37103] DELIVER seq=4 [from=2] | im junichi
[CafeDS] [id=3 role=follower udp_node=37103] DELIVER seq=5 [from=2] | jnichi
[CafeDS] [id=3 role=follower udp_node=37103] DELIVER seq=6 [from=2] | hihdf
[CafeDS] [id=3 role=follower udp_node=37103] DELIVER seq=7 [from=2] | ldldkdkdkdkdkd
[CafeDS] [id=3 role=follower udp_node=37103] DELIVER seq=8 [from=2] | huhiuhiu
[CafeDS] [id=3 role=follower udp_node=37103] DELIVER seq=9 [from=2] | kjhkh
[CafeDS] [id=3 role=follower udp_node=37103] DELIVER seq=10 [from=2] | jkh
[CafeDS] [id=3 role=follower udp_node=37103] DELIVER seq=11 [from=2] | jgkh
[CafeDS] [id=3 role=follower udp_node=37103] DELIVER seq=12 [from=2] | jkgih
[CafeDS] [id=3 role=follower udp_node=37103] DELIVER seq=13 [from=2] | kuiu
[CafeDS] [id=3 role=follower udp_node=37103] DELIVER seq=14 [from=2] | gkjg
[CafeDS] [id=3 role=follower udp_node=37103] DELIVER seq=15 [from=2] | khgjgh
[CafeDS] [id=3 role=follower udp_node=37103] DELIVER seq=16 [from=2] | kjgkh
[CafeDS] [id=3 role=follower udp_node=37103] DELIVER seq=17 [from=2] | hgjkhj
[CafeDS] [id=3 role=follower udp_node=37103] DELIVER seq=18 [from=2] | khjgk
[CafeDS] [id=3 role=follower udp_node=37103] DELIVER seq=19 [from=4] | hi
[CafeDS] [id=3 role=follower udp_node=37103] DELIVER seq=20 [from=3] | hey emre
[CafeDS] [id=3 role=follower udp_node=37103] DELIVER seq=21 [from=4] | hihi
[CafeDS] [id=3 role=follower udp_node=37103] DELIVER seq=22 [from=3] | emre deneme
[CafeDS] [id=3 role=follower udp_node=37103] DELIVER seq=23 [from=2] | hello again
[CafeDS] [id=3 role=follower udp_node=37103] DELIVER seq=24 [from=3] | denememeee
[CafeDS] [id=3 role=follower udp_node=37103] DELIVER seq=25 [from=2] | hihihi
[CafeDS] [id=3 role=follower udp_node=37103] DELIVER seq=26 [from=2] | lololo
[CafeDS] [id=3 role=follower udp_node=37103] DELIVER seq=27 [from=2] | Espresso
[CafeDS] [id=3 role=follower udp_node=37103] DELIVER seq=28 [from=2] | Espresso
[CafeDS] [id=3 role=follower udp_node=37103] DELIVER seq=29 [from=2] | dfsdf
[CafeDS] [id=3 role=follower udp_node=37103] DELIVER seq=30 [from=2] | sdf
[CafeDS] [id=3 role=follower udp_node=37103] DELIVER seq=31 [from=2] | fgh
[CafeDS] [id=3 role=follower udp_node=37103] DELIVER seq=32 [from=2] | dfg
[CafeDS] [id=3 role=follower udp_node=37103] DELIVER seq=33 [from=2] | sdf
[CafeDS] [id=3 role=follower udp_node=37103] DELIVER seq=34 [from=2] | dfg
[CafeDS] [id=3 role=follower udp_node=37103] DELIVER seq=35 [from=2] | cvgbcv
[CafeDS] [id=3 role=follower udp_node=37103] DELIVER seq=36 [from=2] | vbsr
[CafeDS] [id=3 role=follower udp_node=37103] DELIVER seq=37 [from=2] | vbn
[CafeDS] [id=3 role=follower udp_node=37103] DELIVER seq=38 [from=2] | gdfgd
[CafeDS] [id=3 role=follower udp_node=37103] DELIVER seq=39 [from=2] | dfsfglkjfyhrte
[CafeDS] [id=3 role=follower udp_node=37103] DELIVER seq=40 [from=2] | yarrak
[CafeDS] [id=3 role=follower udp_node=37103] DELIVER seq=41 [from=2] | Espresso
[CafeDS] [id=3 role=follower udp_node=37103] DELIVER seq=42 [from=2] | hiiii
[CafeDS] [id=3 role=follower udp_node=37103] DELIVER seq=43 [from=2] | hihihihi
[CafeDS] [id=3 role=follower udp_node=37103] DELIVER seq=44 [from=2] | gggggg
[CafeDS] [id=3 role=follower udp_node=37103] DELIVER seq=45 [from=2] | jhvhjghdghfsrstfih
[CafeDS] [id=3 role=follower udp_node=37103] DELIVER seq=46 [from=3] | th²s ²s berkay
[CafeDS] [id=3 role=follower udp_node=37103] DELIVER seq=47 [from=3] | ²m ²d²ot
[CafeDS] [id=3 role=follower udp_node=37103] DELIVER seq=48 [from=2] | junichi
[CafeDS] [id=3 role=follower udp_node=37103] DELIVER seq=49 [from=2] | gg
[CafeDS] [id=3 role=follower udp_node=37103] DELIVER seq=50 [from=2] | juncihi
[CafeDS] [id=3 role=follower udp_node=37103] DELIVER seq=51 [from=2] | hi
[CafeDS] [id=3 role=follower udp_node=37103] DELIVER seq=52 [from=2] | hihi
[CafeDS] [id=3 role=follower udp_node=37103] DELIVER seq=53 [from=2] | hosiahoashd
[CafeDS] [id=3 role=follower udp_node=37103] DELIVER seq=54 [from=2] | juncihi
[CafeDS] [id=3 role=follower udp_node=37103] DELIVER seq=55 [from=3] | 3³m
[CafeDS] [id=3 role=follower udp_node=37103] DELIVER seq=56 [from=3] | dsadsa
[CafeDS] [id=3 role=follower udp_node=37103] DELIVER seq=57 [from=2] | hi
[CafeDS] [id=3 role=follower udp_node=37103] DELIVER seq=58 [from=3] | eqwwqewq
[CafeDS] [id=3 role=follower udp_node=37103] DELIVER seq=59 [from=2] | junichi
[CafeDS] [id=3 role=follower udp_node=37103] DELIVER seq=60 [from=3] | hello
[CafeDS] [id=3 role=follower udp_node=37103] DELIVER seq=61 [from=3] | das
[CafeDS] [id=3 role=follower udp_node=37103] DELIVER seq=62 [from=2] | juni
[CafeDS] [id=3 role=follower udp_node=37103] DELIVER seq=63 [from=3] | dsa
[CafeDS] [id=2 role=follower udp_node=37102] TCP connected to leader 192.168.0.240:8002
[CafeDS] [id=2 role=follower udp_node=37102] DELIVER seq=1 [from=3] | hello berke
[CafeDS] [id=2 role=follower udp_node=37102] DELIVER seq=2 [from=2] | junihci
[CafeDS] [id=2 role=follower udp_node=37102] DELIVER seq=3 [from=2] | hi
[CafeDS] [id=2 role=follower udp_node=37102] DELIVER seq=4 [from=2] | im junichi
[CafeDS] [id=2 role=follower udp_node=37102] DELIVER seq=5 [from=2] | jnichi
[CafeDS] [id=2 role=follower udp_node=37102] DELIVER seq=6 [from=2] | hihdf
[CafeDS] [id=2 role=follower udp_node=37102] DELIVER seq=7 [from=2] | ldldkdkdkdkdkd
[CafeDS] [id=2 role=follower udp_node=37102] DELIVER seq=8 [from=2] | huhiuhiu
[CafeDS] [id=2 role=follower udp_node=37102] DELIVER seq=9 [from=2] | kjhkh
[CafeDS] [id=2 role=follower udp_node=37102] DELIVER seq=10 [from=2] | jkh
[CafeDS] [id=2 role=follower udp_node=37102] DELIVER seq=11 [from=2] | jgkh
[CafeDS] [id=2 role=follower udp_node=37102] DELIVER seq=12 [from=2] | jkgih
[CafeDS] [id=2 role=follower udp_node=37102] DELIVER seq=13 [from=2] | kuiu
[CafeDS] [id=2 role=follower udp_node=37102] DELIVER seq=14 [from=2] | gkjg
[CafeDS] [id=2 role=follower udp_node=37102] DELIVER seq=15 [from=2] | khgjgh
[CafeDS] [id=2 role=follower udp_node=37102] DELIVER seq=16 [from=2] | kjgkh
[CafeDS] [id=2 role=follower udp_node=37102] DELIVER seq=17 [from=2] | hgjkhj
[CafeDS] [id=2 role=follower udp_node=37102] DELIVER seq=18 [from=2] | khjgk
[CafeDS] [id=2 role=follower udp_node=37102] DELIVER seq=19 [from=4] | hi
[CafeDS] [id=2 role=follower udp_node=37102] DELIVER seq=20 [from=3] | hey emre
[CafeDS] [id=2 role=follower udp_node=37102] DELIVER seq=21 [from=4] | hihi
[CafeDS] [id=2 role=follower udp_node=37102] DELIVER seq=22 [from=3] | emre deneme
[CafeDS] [id=2 role=follower udp_node=37102] DELIVER seq=23 [from=2] | hello again
[CafeDS] [id=2 role=follower udp_node=37102] DELIVER seq=24 [from=3] | denememeee
[CafeDS] [id=2 role=follower udp_node=37102] DELIVER seq=25 [from=2] | hihihi
[CafeDS] [id=2 role=follower udp_node=37102] DELIVER seq=26 [from=2] | lololo
[CafeDS] [id=2 role=follower udp_node=37102] DELIVER seq=27 [from=2] | Espresso
[CafeDS] [id=2 role=follower udp_node=37102] DELIVER seq=28 [from=2] | Espresso
[CafeDS] [id=2 role=follower udp_node=37102] DELIVER seq=29 [from=2] | dfsdf
[CafeDS] [id=2 role=follower udp_node=37102] DELIVER seq=30 [from=2] | sdf
[CafeDS] [id=2 role=follower udp_node=37102] DELIVER seq=31 [from=2] | fgh
[CafeDS] [id=2 role=follower udp_node=37102] DELIVER seq=32 [from=2] | dfg
[CafeDS] [id=2 role=follower udp_node=37102] DELIVER seq=33 [from=2] | sdf
[CafeDS] [id=2 role=follower udp_node=37102] DELIVER seq=34 [from=2] | dfg
[CafeDS] [id=2 role=follower udp_node=37102] DELIVER seq=35 [from=2] | cvgbcv
[CafeDS] [id=2 role=follower udp_node=37102] DELIVER seq=36 [from=2] | vbsr
[CafeDS] [id=2 role=follower udp_node=37102] DELIVER seq=37 [from=2] | vbn
[CafeDS] [id=2 role=follower udp_node=37102] DELIVER seq=38 [from=2] | gdfgd
[CafeDS] [id=2 role=follower udp_node=37102] DELIVER seq=39 [from=2] | dfsfglkjfyhrte
[CafeDS] [id=2 role=follower udp_node=37102] DELIVER seq=40 [from=2] | yarrak
[CafeDS] [id=2 role=follower udp_node=37102] DELIVER seq=41 [from=2] | Espresso
[CafeDS] [id=2 role=follower udp_node=37102] DELIVER seq=42 [from=2] | hiiii
[CafeDS] [id=2 role=follower udp_node=37102] DELIVER seq=43 [from=2] | hihihihi
[CafeDS] [id=2 role=follower udp_node=37102] DELIVER seq=44 [from=2] | gggggg
[CafeDS] [id=2 role=follower udp_node=37102] DELIVER seq=45 [from=2] | jhvhjghdghfsrstfih
[CafeDS] [id=2 role=follower udp_node=37102] DELIVER seq=46 [from=3] | th²s ²s berkay
[CafeDS] [id=2 role=follower udp_node=37102] DELIVER seq=47 [from=3] | ²m ²d²ot
[CafeDS] [id=2 role=follower udp_node=37102] DELIVER seq=48 [from=2] | junichi
[CafeDS] [id=2 role=follower udp_node=37102] DELIVER seq=49 [from=2] | gg
[CafeDS] [id=2 role=follower udp_node=37102] DELIVER seq=50 [from=2] | juncihi
[CafeDS] [id=2 role=follower udp_node=37102] DELIVER seq=51 [from=2] | hi
[CafeDS] [id=2 role=follower udp_node=37102] DELIVER seq=52 [from=2] | hihi
[CafeDS] [id=2 role=follower udp_node=37102] DELIVER seq=53 [from=2] | hosiahoashd
[CafeDS] [id=2 role=follower udp_node=37102] DELIVER seq=54 [from=2] | juncihi
[CafeDS] [id=2 role=follower udp_node=37102] DELIVER seq=55 [from=3] | 3³m
[CafeDS] [id=2 role=follower udp_node=37102] DELIVER seq=56 [from=3] | dsadsa
[CafeDS] [id=2 role=follower udp_node=37102] DELIVER seq=57 [from=2] | hi
[CafeDS] [id=2 role=follower udp_node=37102] DELIVER seq=58 [from=3] | eqwwqewq
[CafeDS] [id=2 role=follower udp_node=37102] DELIVER seq=59 [from=2] | junichi
[CafeDS] [id=2 role=follower udp_node=37102] DELIVER seq=60 [from=3] | hello
[CafeDS] [id=2 role=follower udp_node=37102] DELIVER seq=61 [from=3] | das
[CafeDS] [id=2 role=follower udp_node=37102] DELIVER seq=62 [from=2] | juni
[CafeDS] [id=2 role=follower udp_node=37102] DELIVER seq=63 [from=3] | dsa
[CafeDS] [id=2 role=follower udp_node=37102] Leader timeout -> starting election
[CafeDS] [id=2 role=follower udp_node=37102] TCP reader stopped (disconnected)
[CafeDS] [id=2 role=follower udp_node=37102] Election started. higher=[]
[CafeDS] [id=2 role=follower udp_node=37102] No known higher peers; promoting self.
[CafeDS] [id=2 role=follower udp_node=37102] No ANSWER -> I become LEADER
[CafeDS] [id=2 role=leader udp_node=37102] UDP discovery listener started.
[CafeDS] [id=2 role=leader udp_node=37102] TCPServer listening on 0.0.0.0:8002
[CafeDS] [id=2 role=leader udp_node=37102] Announced COORDINATOR epoch=4 last_seq=63
[CafeDS] [id=3 role=follower udp_node=37103] TCP reader stopped (disconnected)
FAILED

================================== FAILURES ===================================
____________________________ test_distributed_cafe ____________________________

    def test_distributed_cafe():
        # 1. Start nodes
        # Node IDs can be any unique integers ù dynamic discovery finds them
        # Node 10 (highest ID) will naturally become leader in Bully algorithm
        node_ids = [2, 3, 10]
        nodes = {}
    
        # Leader (Node 10)
        nodes[10] = Node(node_id=10, role="leader", tcp_port=8010, ui="kitchen")
        # Kitchen (Node 3)
        nodes[3] = Node(node_id=3, role="follower", tcp_port=8003, ui="kitchen")
        # Waiter (Node 2)
        nodes[2] = Node(node_id=2, role="follower", tcp_port=8002, ui="kitchen")
    
        import threading
    
        threads = []
        try:
            # Run nodes in separate threads
            for node in nodes.values():
                t = threading.Thread(target=node.run, daemon=True)
                t.start()
                threads.append(t)
    
            # Wait for cluster to stabilize
            # (Startup probe takes 1s + discovery takes ~1s + margin)
            time.sleep(8)
    
            # Verify Node 10 is leader
            assert nodes[10].role == "leader"
>           assert nodes[2].leader is not None
E           assert None is not None
E            +  where None = <cafeds.node.Node object at 0x000001DDF119A9D0>.leader

tests\test_integration.py:45: AssertionError
============================== warnings summary ===============================
tests/test_integration.py::test_distributed_cafe
  D:\\University of Stuttgart\\Distributed Systems 1\\distrubuted_systems_cafe\\.venv\\Lib\\site-packages\\_pytest\\threadexception.py:58: PytestUnhandledThreadExceptionWarning: Exception in thread Thread-1 (run)\n  \n  Traceback (most recent call last):\n    File "C:\\Program Files\\WindowsApps\\PythonSoftwareFoundation.Python.3.11_3.11.2544.0_x64__qbz5n2kfra8p0\\Lib\\threading.py", line 1045, in _bootstrap_inner\n      self.run()\n    File "C:\\Program Files\\WindowsApps\\PythonSoftwareFoundation.Python.3.11_3.11.2544.0_x64__qbz5n2kfra8p0\\Lib\\threading.py", line 982, in run\n      self._target(*self._args, **self._kwargs)\n    File "D:\\University of Stuttgart\\Distributed Systems 1\\distrubuted_systems_cafe\\cafeds\\node.py", line 252, in run\n      self.log("\u26a0 WARNING: Another LEADER is already active. Demoting to FOLLOWER.")\n    File "D:\\University of Stuttgart\\Distributed Systems 1\\distrubuted_systems_cafe\\cafeds\\node.py", line 139, in log\n      print(\n    File "C:\\Program Files\\WindowsApps\\PythonSoftwareFoundation.Python.3.11_3.11.2544.0_x64__qbz5n2kfra8p0\\Lib\\encodings\\cp1254.py", line 19, in encode\n      return codecs.charmap_encode(input,self.errors,encoding_table)[0]\n             ^^^^^^^^^^^^^^^^^^^^^^^^^^^^^^^^^^^^^^^^^^^^^^^^^^^^^^^\n  UnicodeEncodeError: 'charmap' codec can't encode character '\\u26a0' in position 44: character maps to <undefined>\n  \n  Enable tracemalloc to get traceback where the object was allocated.\n  See https://docs.pytest.org/en/stable/how-to/capture-warnings.html#resource-warnings for more info.\n    warnings.warn(pytest.PytestUnhandledThreadExceptionWarning(msg))

-- Docs: https://docs.pytest.org/en/stable/how-to/capture-warnings.html
=========================== short test summary info ===========================
FAILED tests/test_integration.py::test_distributed_cafe - assert None is not ...
======================== 1 failed, 1 warning in 8.19s =========================
